
> story-spark-ai@1.0.0 build
> npm run build -w story-spark-ai-backend && npm run build -w story-spark-ai-frontend


> story-spark-ai-backend@1.0.0 build
> tsc


> story-spark-ai-frontend@0.0.0 build
> tsc -b && vite build

src/App.tsx(241,10): error TS1382: Unexpected token. Did you mean `{'>'}` or `&gt;`?
src/components/dashboard/dashboard_analysis_header.tsx(11,6): error TS17008: JSX element 'div' has no corresponding closing tag.
src/components/dashboard/dashboard_analysis_header.tsx(29,8): error TS17008: JSX element 'div' has no corresponding closing tag.
src/components/dashboard/dashboard_analysis_header.tsx(201,8): error TS17008: JSX element 'div' has no corresponding closing tag.
src/components/dashboard/dashboard_analysis_header.tsx(205,10): error TS17008: JSX element 'div' has no corresponding closing tag.
src/components/dashboard/dashboard_analysis_header.tsx(254,12): error TS17008: JSX element 'div' has no corresponding closing tag.
src/components/dashboard/dashboard_analysis_header.tsx(329,1): error TS1381: Unexpected token. Did you mean `{'}'}` or `&rbrace;`?
src/components/dashboard/dashboard_analysis_header.tsx(332,1): error TS1005: '</' expected.
src/components/dashboard/dashboard_layout.component.tsx(116,8): error TS17008: JSX element 'div' has no corresponding closing tag.
src/components/dashboard/dashboard_layout.component.tsx(188,17): error TS1005: ')' expected.
src/components/dashboard/dashboard_layout.component.tsx(206,15): error TS1128: Declaration or statement expected.
src/components/dashboard/dashboard_layout.component.tsx(206,17): error TS17002: Expected corresponding JSX closing tag for 'nav'.
src/components/dashboard/dashboard_layout.component.tsx(207,15): error TS1381: Unexpected token. Did you mean `{'}'}` or `&rbrace;`?
src/components/dashboard/dashboard_layout.component.tsx(208,13): error TS17002: Expected corresponding JSX closing tag for 'aside'.
node.exe : npm error Lifecycle script `build` failed with error:
At line:1 char:1
+ & "C:\Program Files\nodejs/node.exe" "C:\Program Files\nodejs/node_mo ...
+ ~~~~~~~~~~~~~~~~~~~~~~~~~~~~~~~~~~~~~~~~~~~~~~~~~~~~~~~~~~~~~~~~~~~~~
    + CategoryInfo          : NotSpecified: (npm error Lifec...led with error: 
   :String) [], RemoteException
    + FullyQualifiedErrorId : NativeCommandError
 
npm error code 2
npm error path C:\Users\Admin\story-spark-ai\story-spark-ai\frontend
npm error workspace story-spark-ai-frontend@0.0.0
npm error location C:\Users\Admin\story-spark-ai\story-spark-ai\frontend
npm error command failed
npm error command C:\Windows\system32\cmd.exe /d /s /c tsc -b && vite build
